
> myra-status-dashboard@1.0.0 build
> next build

   ▲ Next.js 16.0.0 (Turbopack)
   - Environments: .env.local

 ⚠ The "middleware" file convention is deprecated. Please use "proxy" instead. Learn more: https://nextjs.org/docs/messages/middleware-to-proxy
   Creating an optimized production build ...
 ✓ Compiled successfully in 5.3s
   Running TypeScript ...
Failed to compile.

.next/dev/types/validator.ts:522:31
Type error: Type 'typeof import("/Users/sriharsha/myra-status-dashboard/app/api/tickets/[id]/calendar-events/[eventId]/route")' does not satisfy the constraint 'RouteHandlerConfig<"/api/tickets/[id]/calendar-events/[eventId]">'.
  Types of property 'DELETE' are incompatible.
    Type '(request: NextRequest, { params }: { params: { id: string; eventId: string; }; }) => Promise<NextResponse<{ success: boolean; }> | NextResponse<{ error: any; }>>' is not assignable to type '(request: NextRequest, context: { params: Promise<{ id: string; eventId: string; }>; }) => void | Response | Promise<void | Response>'.
      Types of parameters '__1' and 'context' are incompatible.
        Type '{ params: Promise<{ id: string; eventId: string; }>; }' is not assignable to type '{ params: { id: string; eventId: string; }; }'.
          Types of property 'params' are incompatible.
            Type 'Promise<{ id: string; eventId: string; }>' is missing the following properties from type '{ id: string; eventId: string; }': id, eventId

[0m [90m 520 |[39m   type __IsExpected[33m<[39m[33mSpecific[39m [36mextends[39m [33mRouteHandlerConfig[39m[33m<[39m[32m"/api/tickets/[id]/calendar-events/[eventId]"[39m[33m>>[39m [33m=[39m [33mSpecific[39m
 [90m 521 |[39m   [36mconst[39m handler [33m=[39m {} [36mas[39m [36mtypeof[39m [36mimport[39m([32m"../../../app/api/tickets/[id]/calendar-events/[eventId]/route.js"[39m)
[31m[1m>[22m[39m[90m 522 |[39m   type __Check [33m=[39m __IsExpected[33m<[39m[36mtypeof[39m handler[33m>[39m
 [90m     |[39m                               [31m[1m^[22m[39m
 [90m 523 |[39m   [90m// @ts-ignore[39m
 [90m 524 |[39m   type __Unused [33m=[39m __Check
 [90m 525 |[39m }[0m
Next.js build worker exited with code: 1 and signal: null
